[INFO] [launch]: All log files can be found below /home/sri/.ros/log/2026-06-08-01-36-43-235712-sri-ASUS-TUF-Gaming-F16-FX608JMR-FX608JMR-29987
[INFO] [launch]: Default logging verbosity is set to INFO
[INFO] [robot_state_publisher-1]: process started with pid [29989]
[INFO] [gazebo-2]: process started with pid [29991]
[INFO] [spawn_entity.py-3]: process started with pid [29993]
[gazebo-2] Gazebo multi-robot simulator, version 11.10.2
[gazebo-2] Copyright (C) 2012 Open Source Robotics Foundation.
[gazebo-2] Released under the Apache 2 License.
[gazebo-2] http://gazebosim.org
[gazebo-2] 
[gazebo-2] Gazebo multi-robot simulator, version 11.10.2
[gazebo-2] Copyright (C) 2012 Open Source Robotics Foundation.
[gazebo-2] Released under the Apache 2 License.
[gazebo-2] http://gazebosim.org
[gazebo-2] 
[robot_state_publisher-1] [WARN] [1780897003.617470296] [kdl_parser]: The root link base_link has an inertia specified in the URDF, but KDL does not support a root link with an inertia.  As a workaround, you can add an extra dummy link to your URDF.
[robot_state_publisher-1] [INFO] [1780897003.617512304] [robot_state_publisher]: got segment base_link
[robot_state_publisher-1] [INFO] [1780897003.617533551] [robot_state_publisher]: got segment end_effector_link
[robot_state_publisher-1] [INFO] [1780897003.617536390] [robot_state_publisher]: got segment link_1
[robot_state_publisher-1] [INFO] [1780897003.617538443] [robot_state_publisher]: got segment link_2
[spawn_entity.py-3] [INFO] [1780897003.636001505] [spawn_entity]: Spawn Entity started
[spawn_entity.py-3] [INFO] [1780897003.636165039] [spawn_entity]: Loading entity published on topic robot_description
[spawn_entity.py-3] [INFO] [1780897003.637059028] [spawn_entity]: Waiting for entity xml on robot_description
[spawn_entity.py-3] [INFO] [1780897003.767489141] [spawn_entity]: Waiting for service /spawn_entity, timeout = 30
[spawn_entity.py-3] [INFO] [1780897003.768103472] [spawn_entity]: Waiting for service /spawn_entity
[gazebo-2] [INFO] [1780897003.812887270] [gazebo_ros_node]: ROS was initialized without arguments.
[gazebo-2] [1;32m[Msg] [0m[1;32mWaiting for master.[0m[1;32m
[gazebo-2] [0m[1;32m[0m[1;32m[0m[1;32m[Msg] [0m[1;32mConnected to gazebo master @ [0m[1;32mhttp://127.0.0.1:11345[0m[1;32m
[gazebo-2] [0m[1;32m[0m[1;32m[0m[1;32m[Msg] [0m[1;32mPublicized address: [0m[1;32m192.168.31.220[0m[1;32m
[gazebo-2] [0m[1;32m[0m[1;32m[0m[1;32m[Msg] [0m[1;32mLoading world file [[0m[1;32m/home/sri/summer_robotics_ws/install/summer_robotics/share/summer_robotics/worlds/assistive_gaze_world.world[0m[1;32m][0m[1;32m
[gazebo-2] [1;33m[Wrn] [Event.cc:61] [0m[1;33mWarning: Deleting a connection right after creation. [0m[1;33mMake sure to save the ConnectionPtr from a Connect call
[spawn_entity.py-3] [INFO] [1780897004.023426633] [spawn_entity]: Calling service /spawn_entity
[gazebo-2] [0m[INFO] [1780897004.702565724] [overhead_camera.overhead_camera_controller]: Publishing camera info to [/overhead_camera/overhead_camera/camera_info]
[spawn_entity.py-3] [INFO] [1780897004.725870714] [spawn_entity]: Spawn status: SpawnEntity: Successfully spawned entity [assistive_robot]
[gazebo-2] [INFO] [1780897004.733376494] [gazebo_ros2_control]: Loading gazebo_ros2_control plugin
[gazebo-2] [INFO] [1780897004.734795543] [gazebo_ros2_control]: Starting gazebo_ros2_control plugin in namespace: /
[gazebo-2] [INFO] [1780897004.734816311] [gazebo_ros2_control]: Starting gazebo_ros2_control plugin in ros 2 node: gazebo_ros2_control
[gazebo-2] [INFO] [1780897004.735822141] [gazebo_ros2_control]: connected to service!! robot_state_publisher
[gazebo-2] [INFO] [1780897004.736070593] [gazebo_ros2_control]: Received urdf from param server, parsing...
[gazebo-2] [INFO] [1780897004.736088494] [gazebo_ros2_control]: Loading parameter files /home/sri/summer_robotics_ws/src/summer_robotics/config/controllers.yaml
[gazebo-2] [rcutils|error_handling.c:65] an error string (message, file name, or formatted message) will be truncated
[gazebo-2] [ERROR] [1780897004.736238121] [gazebo_ros2_control]: parser error Couldn't parse parameter override rule: '--param robot_description:=<?xml version="1.0"?>
[gazebo-2] <robot name="two_link_robot">
[gazebo-2] 
[gazebo-2]   <!-- ========================= -->
[gazebo-2]   <!-- Base Link -->
[gazebo-2]   <!-- ========================= -->
[gazebo-2] 
[gazebo-2] <link name="base_link">
[gazebo-2] 
[gazebo-2]   <!-- ========================= -->
[gazebo-2]   <!-- VISUAL -->
[gazebo-2]   <!-- ========================= -->
[gazebo-2] 
[gazebo-2]   <visual>
[gazebo-2]     <origin xyz="0 0 0.05"/>
[gazebo-2]     
[gazebo-2]     <geometry>
[gazebo-2]       <box size="0.4 0.4 0.1"/>
[gazebo-2]     </geometry>
[gazebo-2] 
[gazebo-2]     <material name="blue">
[gazebo-2]       <color rgba="0.1 0.2 0.8 1.0"/>
[gazebo-2]     </material>
[gazebo-2]   </visual>
[gazebo-2] 
[gazebo-2]   <!-- ========================= -->
[gazebo-2]   <!-- COLLISION -->
[gazebo-2]   <!-- ========================= -->
[gazebo-2] 
[gazebo-2]   <collision>
[gazebo-2]     <origin xyz="0 0 0.05"/>
[gazebo-2] 
[gazebo-2]     <geometry>
[gazebo-2]       <box size="0.4 0.4 0.1"/>
[gazebo-2]     </geometry>
[gazebo-2]   </collision>
[gazebo-2] 
[gazebo-2]   <!-- ===, at ./src/rcl/arguments.c:343
[gazebo-2] 
[INFO] [spawn_entity.py-3]: process has finished cleanly [pid 29993]
[gazebo-2] [0m[1;32m[0m[1;32m[0m[1;32m[Msg] [0m[1;32mWaiting for master.[0m[1;32m
[gazebo-2] [0m[1;32m[0m[1;32m[0m[1;32m[Msg] [0m[1;32mConnected to gazebo master @ [0m[1;32mhttp://127.0.0.1:11345[0m[1;32m
[gazebo-2] [0m[1;32m[0m[1;32m[0m[1;32m[Msg] [0m[1;32mPublicized address: [0m[1;32m192.168.31.220[0m[1;32m
[gazebo-2] [0m[1;32m[0m[1;32m[0m[1;32m[Msg] [0m[1;32mWarning: Ignoring XDG_SESSION_TYPE=wayland on Gnome. Use QT_QPA_PLATFORM=wayland to run on Wayland anyway.[0m[1;32m
[gazebo-2] [1;33m[Wrn] [Event.cc:61] [0m[1;33mWarning: Deleting a connection right after creation. [0m[1;33mMake sure to save the ConnectionPtr from a Connect call
[INFO] [spawner-4]: process started with pid [30304]
[spawner-4] [INFO] [1780897008.484348174] [spawner_joint_state_broadcaster]: waiting for service /controller_manager/list_controllers to become available...
[INFO] [spawner-5]: process started with pid [30346]
[spawner-5] [INFO] [1780897010.805376435] [spawner_arm_controller]: waiting for service /controller_manager/list_controllers to become available...
[spawner-4] [WARN] [1780897018.498896922] [spawner_joint_state_broadcaster]: Could not contact service /controller_manager/list_controllers
[spawner-4] [INFO] [1780897018.499328503] [spawner_joint_state_broadcaster]: waiting for service /controller_manager/list_controllers to become available...
[spawner-5] [WARN] [1780897020.821273722] [spawner_arm_controller]: Could not contact service /controller_manager/list_controllers
[spawner-5] [INFO] [1780897020.821853443] [spawner_arm_controller]: waiting for service /controller_manager/list_controllers to become available...
[spawner-4] [WARN] [1780897028.514811444] [spawner_joint_state_broadcaster]: Could not contact service /controller_manager/list_controllers
[spawner-4] [INFO] [1780897028.515448259] [spawner_joint_state_broadcaster]: waiting for service /controller_manager/list_controllers to become available...
[spawner-5] [WARN] [1780897030.837586286] [spawner_arm_controller]: Could not contact service /controller_manager/list_controllers
[spawner-5] [INFO] [1780897030.838066606] [spawner_arm_controller]: waiting for service /controller_manager/list_controllers to become available...
[spawner-4] [WARN] [1780897038.530869998] [spawner_joint_state_broadcaster]: Could not contact service /controller_manager/list_controllers
[spawner-4] [INFO] [1780897038.531324156] [spawner_joint_state_broadcaster]: waiting for service /controller_manager/list_controllers to become available...
[spawner-5] [WARN] [1780897040.852833197] [spawner_arm_controller]: Could not contact service /controller_manager/list_controllers
[spawner-5] [INFO] [1780897040.853528969] [spawner_arm_controller]: waiting for service /controller_manager/list_controllers to become available...
[spawner-4] [WARN] [1780897048.546450383] [spawner_joint_state_broadcaster]: Could not contact service /controller_manager/list_controllers
[spawner-4] [INFO] [1780897048.546906112] [spawner_joint_state_broadcaster]: waiting for service /controller_manager/list_controllers to become available...
[spawner-5] [WARN] [1780897050.867539718] [spawner_arm_controller]: Could not contact service /controller_manager/list_controllers
[spawner-5] [INFO] [1780897050.868306166] [spawner_arm_controller]: waiting for service /controller_manager/list_controllers to become available...
[spawner-4] [WARN] [1780897058.562296393] [spawner_joint_state_broadcaster]: Could not contact service /controller_manager/list_controllers
[spawner-4] [INFO] [1780897058.562857104] [spawner_joint_state_broadcaster]: waiting for service /controller_manager/list_controllers to become available...
[spawner-5] [WARN] [1780897060.883339472] [spawner_arm_controller]: Could not contact service /controller_manager/list_controllers
[spawner-5] [INFO] [1780897060.883938800] [spawner_arm_controller]: waiting for service /controller_manager/list_controllers to become available...
[spawner-4] [WARN] [1780897068.577384301] [spawner_joint_state_broadcaster]: Could not contact service /controller_manager/list_controllers
[spawner-4] [INFO] [1780897068.577915210] [spawner_joint_state_broadcaster]: waiting for service /controller_manager/list_controllers to become available...
[spawner-5] [WARN] [1780897070.898980966] [spawner_arm_controller]: Could not contact service /controller_manager/list_controllers
[spawner-5] [INFO] [1780897070.899699275] [spawner_arm_controller]: waiting for service /controller_manager/list_controllers to become available...
[spawner-4] [WARN] [1780897078.593249720] [spawner_joint_state_broadcaster]: Could not contact service /controller_manager/list_controllers
[spawner-4] [INFO] [1780897078.593760959] [spawner_joint_state_broadcaster]: waiting for service /controller_manager/list_controllers to become available...
[spawner-5] [WARN] [1780897080.915934253] [spawner_arm_controller]: Could not contact service /controller_manager/list_controllers
[spawner-5] [INFO] [1780897080.916357481] [spawner_arm_controller]: waiting for service /controller_manager/list_controllers to become available...
[spawner-4] [WARN] [1780897088.608273567] [spawner_joint_state_broadcaster]: Could not contact service /controller_manager/list_controllers
[spawner-4] [INFO] [1780897088.608719569] [spawner_joint_state_broadcaster]: waiting for service /controller_manager/list_controllers to become available...
[spawner-5] [WARN] [1780897090.931055813] [spawner_arm_controller]: Could not contact service /controller_manager/list_controllers
[spawner-5] [INFO] [1780897090.931534995] [spawner_arm_controller]: waiting for service /controller_manager/list_controllers to become available...
[spawner-4] [WARN] [1780897098.623820176] [spawner_joint_state_broadcaster]: Could not contact service /controller_manager/list_controllers
[spawner-4] [INFO] [1780897098.624515569] [spawner_joint_state_broadcaster]: waiting for service /controller_manager/list_controllers to become available...
[spawner-5] [WARN] [1780897100.946546753] [spawner_arm_controller]: Could not contact service /controller_manager/list_controllers
[spawner-5] [INFO] [1780897100.947141014] [spawner_arm_controller]: waiting for service /controller_manager/list_controllers to become available...
[spawner-4] [WARN] [1780897108.639363189] [spawner_joint_state_broadcaster]: Could not contact service /controller_manager/list_controllers
[spawner-4] [INFO] [1780897108.640004991] [spawner_joint_state_broadcaster]: waiting for service /controller_manager/list_controllers to become available...
[spawner-5] [WARN] [1780897110.962096608] [spawner_arm_controller]: Could not contact service /controller_manager/list_controllers
[spawner-5] [INFO] [1780897110.962529587] [spawner_arm_controller]: waiting for service /controller_manager/list_controllers to become available...
[spawner-4] [WARN] [1780897118.655265650] [spawner_joint_state_broadcaster]: Could not contact service /controller_manager/list_controllers
[spawner-4] [INFO] [1780897118.655929825] [spawner_joint_state_broadcaster]: waiting for service /controller_manager/list_controllers to become available...
[spawner-5] [WARN] [1780897120.977159996] [spawner_arm_controller]: Could not contact service /controller_manager/list_controllers
[spawner-5] [INFO] [1780897120.977658729] [spawner_arm_controller]: waiting for service /controller_manager/list_controllers to become available...
[spawner-4] [WARN] [1780897128.671064536] [spawner_joint_state_broadcaster]: Could not contact service /controller_manager/list_controllers
[spawner-4] [INFO] [1780897128.671679547] [spawner_joint_state_broadcaster]: waiting for service /controller_manager/list_controllers to become available...
[spawner-5] [WARN] [1780897130.992027315] [spawner_arm_controller]: Could not contact service /controller_manager/list_controllers
[spawner-5] [INFO] [1780897130.992523796] [spawner_arm_controller]: waiting for service /controller_manager/list_controllers to become available...
[spawner-4] [WARN] [1780897138.688077054] [spawner_joint_state_broadcaster]: Could not contact service /controller_manager/list_controllers
[spawner-4] [INFO] [1780897138.689015649] [spawner_joint_state_broadcaster]: waiting for service /controller_manager/list_controllers to become available...
[spawner-5] [WARN] [1780897141.007254330] [spawner_arm_controller]: Could not contact service /controller_manager/list_controllers
[spawner-5] [INFO] [1780897141.007624360] [spawner_arm_controller]: waiting for service /controller_manager/list_controllers to become available...
[spawner-4] [WARN] [1780897148.704631421] [spawner_joint_state_broadcaster]: Could not contact service /controller_manager/list_controllers
[spawner-4] [INFO] [1780897148.705294807] [spawner_joint_state_broadcaster]: waiting for service /controller_manager/list_controllers to become available...
[spawner-5] [WARN] [1780897151.022936053] [spawner_arm_controller]: Could not contact service /controller_manager/list_controllers
[spawner-5] [INFO] [1780897151.023549517] [spawner_arm_controller]: waiting for service /controller_manager/list_controllers to become available...
[spawner-4] [WARN] [1780897158.719519506] [spawner_joint_state_broadcaster]: Could not contact service /controller_manager/list_controllers
[spawner-4] [INFO] [1780897158.720008218] [spawner_joint_state_broadcaster]: waiting for service /controller_manager/list_controllers to become available...
[spawner-5] [WARN] [1780897161.038147377] [spawner_arm_controller]: Could not contact service /controller_manager/list_controllers
[spawner-5] [INFO] [1780897161.038830869] [spawner_arm_controller]: waiting for service /controller_manager/list_controllers to become available...
[spawner-4] [WARN] [1780897168.734887549] [spawner_joint_state_broadcaster]: Could not contact service /controller_manager/list_controllers
[spawner-4] [INFO] [1780897168.735513682] [spawner_joint_state_broadcaster]: waiting for service /controller_manager/list_controllers to become available...
[spawner-5] [WARN] [1780897171.053680860] [spawner_arm_controller]: Could not contact service /controller_manager/list_controllers
[spawner-5] [INFO] [1780897171.054289952] [spawner_arm_controller]: waiting for service /controller_manager/list_controllers to become available...
[spawner-4] [WARN] [1780897178.750276254] [spawner_joint_state_broadcaster]: Could not contact service /controller_manager/list_controllers
[spawner-4] [INFO] [1780897178.750957408] [spawner_joint_state_broadcaster]: waiting for service /controller_manager/list_controllers to become available...
[spawner-5] [WARN] [1780897181.069581396] [spawner_arm_controller]: Could not contact service /controller_manager/list_controllers
[spawner-5] [INFO] [1780897181.070376084] [spawner_arm_controller]: waiting for service /controller_manager/list_controllers to become available...
[spawner-4] [WARN] [1780897188.767186285] [spawner_joint_state_broadcaster]: Could not contact service /controller_manager/list_controllers
[spawner-4] [INFO] [1780897188.768188107] [spawner_joint_state_broadcaster]: waiting for service /controller_manager/list_controllers to become available...
[spawner-5] [WARN] [1780897191.087160708] [spawner_arm_controller]: Could not contact service /controller_manager/list_controllers
[spawner-5] [INFO] [1780897191.088252305] [spawner_arm_controller]: waiting for service /controller_manager/list_controllers to become available...
[spawner-4] [WARN] [1780897198.783762299] [spawner_joint_state_broadcaster]: Could not contact service /controller_manager/list_controllers
[spawner-4] [INFO] [1780897198.784434517] [spawner_joint_state_broadcaster]: waiting for service /controller_manager/list_controllers to become available...
[spawner-5] [WARN] [1780897201.102709707] [spawner_arm_controller]: Could not contact service /controller_manager/list_controllers
[spawner-5] [INFO] [1780897201.102891063] [spawner_arm_controller]: waiting for service /controller_manager/list_controllers to become available...
[spawner-4] [WARN] [1780897208.799076236] [spawner_joint_state_broadcaster]: Could not contact service /controller_manager/list_controllers
[spawner-4] [INFO] [1780897208.799762350] [spawner_joint_state_broadcaster]: waiting for service /controller_manager/list_controllers to become available...
[spawner-5] [WARN] [1780897211.117353949] [spawner_arm_controller]: Could not contact service /controller_manager/list_controllers
[spawner-5] [INFO] [1780897211.117975635] [spawner_arm_controller]: waiting for service /controller_manager/list_controllers to become available...
[spawner-4] [WARN] [1780897218.814057025] [spawner_joint_state_broadcaster]: Could not contact service /controller_manager/list_controllers
[spawner-4] [INFO] [1780897218.814529197] [spawner_joint_state_broadcaster]: waiting for service /controller_manager/list_controllers to become available...
[spawner-5] [WARN] [1780897221.132690139] [spawner_arm_controller]: Could not contact service /controller_manager/list_controllers
[spawner-5] [INFO] [1780897221.133243462] [spawner_arm_controller]: waiting for service /controller_manager/list_controllers to become available...
[spawner-4] [WARN] [1780897228.828680850] [spawner_joint_state_broadcaster]: Could not contact service /controller_manager/list_controllers
[spawner-4] [INFO] [1780897228.829192430] [spawner_joint_state_broadcaster]: waiting for service /controller_manager/list_controllers to become available...
[spawner-5] [WARN] [1780897231.148259142] [spawner_arm_controller]: Could not contact service /controller_manager/list_controllers
[spawner-5] [INFO] [1780897231.148896483] [spawner_arm_controller]: waiting for service /controller_manager/list_controllers to become available...
[spawner-4] [WARN] [1780897238.843684446] [spawner_joint_state_broadcaster]: Could not contact service /controller_manager/list_controllers
[spawner-4] [INFO] [1780897238.844209631] [spawner_joint_state_broadcaster]: waiting for service /controller_manager/list_controllers to become available...
[spawner-5] [WARN] [1780897241.164160710] [spawner_arm_controller]: Could not contact service /controller_manager/list_controllers
[spawner-5] [INFO] [1780897241.164753817] [spawner_arm_controller]: waiting for service /controller_manager/list_controllers to become available...
[spawner-4] [WARN] [1780897248.859823547] [spawner_joint_state_broadcaster]: Could not contact service /controller_manager/list_controllers
[spawner-4] [INFO] [1780897248.860416088] [spawner_joint_state_broadcaster]: waiting for service /controller_manager/list_controllers to become available...
[spawner-5] [WARN] [1780897251.179151936] [spawner_arm_controller]: Could not contact service /controller_manager/list_controllers
[spawner-5] [INFO] [1780897251.179645254] [spawner_arm_controller]: waiting for service /controller_manager/list_controllers to become available...
[spawner-4] [WARN] [1780897258.875166835] [spawner_joint_state_broadcaster]: Could not contact service /controller_manager/list_controllers
[spawner-4] [INFO] [1780897258.875669452] [spawner_joint_state_broadcaster]: waiting for service /controller_manager/list_controllers to become available...
[spawner-5] [WARN] [1780897261.194828426] [spawner_arm_controller]: Could not contact service /controller_manager/list_controllers
[spawner-5] [INFO] [1780897261.195406459] [spawner_arm_controller]: waiting for service /controller_manager/list_controllers to become available...
[spawner-4] [WARN] [1780897268.890137828] [spawner_joint_state_broadcaster]: Could not contact service /controller_manager/list_controllers
[spawner-4] [INFO] [1780897268.890611122] [spawner_joint_state_broadcaster]: waiting for service /controller_manager/list_controllers to become available...
[spawner-5] [WARN] [1780897271.209170669] [spawner_arm_controller]: Could not contact service /controller_manager/list_controllers
[spawner-5] [INFO] [1780897271.209713768] [spawner_arm_controller]: waiting for service /controller_manager/list_controllers to become available...
[spawner-4] [WARN] [1780897278.904474745] [spawner_joint_state_broadcaster]: Could not contact service /controller_manager/list_controllers
[spawner-4] [INFO] [1780897278.905025794] [spawner_joint_state_broadcaster]: waiting for service /controller_manager/list_controllers to become available...
[spawner-5] [WARN] [1780897281.224018385] [spawner_arm_controller]: Could not contact service /controller_manager/list_controllers
[spawner-5] [INFO] [1780897281.224497497] [spawner_arm_controller]: waiting for service /controller_manager/list_controllers to become available...
[spawner-4] [WARN] [1780897288.919786828] [spawner_joint_state_broadcaster]: Could not contact service /controller_manager/list_controllers
[spawner-4] [INFO] [1780897288.920275958] [spawner_joint_state_broadcaster]: waiting for service /controller_manager/list_controllers to become available...
[spawner-5] [WARN] [1780897291.240053235] [spawner_arm_controller]: Could not contact service /controller_manager/list_controllers
[spawner-5] [INFO] [1780897291.240783508] [spawner_arm_controller]: waiting for service /controller_manager/list_controllers to become available...
[spawner-4] [WARN] [1780897298.934706560] [spawner_joint_state_broadcaster]: Could not contact service /controller_manager/list_controllers
[spawner-4] [INFO] [1780897298.935281623] [spawner_joint_state_broadcaster]: waiting for service /controller_manager/list_controllers to become available...
[spawner-5] [WARN] [1780897301.254654046] [spawner_arm_controller]: Could not contact service /controller_manager/list_controllers
[spawner-5] [INFO] [1780897301.255196394] [spawner_arm_controller]: waiting for service /controller_manager/list_controllers to become available...
[spawner-4] [WARN] [1780897308.949382107] [spawner_joint_state_broadcaster]: Could not contact service /controller_manager/list_controllers
[spawner-4] [INFO] [1780897308.949812135] [spawner_joint_state_broadcaster]: waiting for service /controller_manager/list_controllers to become available...
[spawner-5] [WARN] [1780897311.269435880] [spawner_arm_controller]: Could not contact service /controller_manager/list_controllers
[spawner-5] [INFO] [1780897311.269930578] [spawner_arm_controller]: waiting for service /controller_manager/list_controllers to become available...
[spawner-4] [WARN] [1780897318.964594592] [spawner_joint_state_broadcaster]: Could not contact service /controller_manager/list_controllers
[spawner-4] [INFO] [1780897318.965033361] [spawner_joint_state_broadcaster]: waiting for service /controller_manager/list_controllers to become available...
[spawner-5] [WARN] [1780897321.284548600] [spawner_arm_controller]: Could not contact service /controller_manager/list_controllers
[spawner-5] [INFO] [1780897321.285027031] [spawner_arm_controller]: waiting for service /controller_manager/list_controllers to become available...
[spawner-4] [WARN] [1780897328.979453543] [spawner_joint_state_broadcaster]: Could not contact service /controller_manager/list_controllers
[spawner-4] [INFO] [1780897328.979930163] [spawner_joint_state_broadcaster]: waiting for service /controller_manager/list_controllers to become available...
[spawner-5] [WARN] [1780897331.299117633] [spawner_arm_controller]: Could not contact service /controller_manager/list_controllers
[spawner-5] [INFO] [1780897331.299632055] [spawner_arm_controller]: waiting for service /controller_manager/list_controllers to become available...
[spawner-4] [WARN] [1780897338.994361568] [spawner_joint_state_broadcaster]: Could not contact service /controller_manager/list_controllers
[spawner-4] [INFO] [1780897338.994795486] [spawner_joint_state_broadcaster]: waiting for service /controller_manager/list_controllers to become available...
[spawner-5] [WARN] [1780897341.313501100] [spawner_arm_controller]: Could not contact service /controller_manager/list_controllers
[spawner-5] [INFO] [1780897341.313947296] [spawner_arm_controller]: waiting for service /controller_manager/list_controllers to become available...
[spawner-4] [WARN] [1780897349.009035587] [spawner_joint_state_broadcaster]: Could not contact service /controller_manager/list_controllers
[spawner-4] [INFO] [1780897349.009702879] [spawner_joint_state_broadcaster]: waiting for service /controller_manager/list_controllers to become available...
[spawner-5] [WARN] [1780897351.329608346] [spawner_arm_controller]: Could not contact service /controller_manager/list_controllers
[spawner-5] [INFO] [1780897351.330145960] [spawner_arm_controller]: waiting for service /controller_manager/list_controllers to become available...
[spawner-4] [WARN] [1780897359.024481451] [spawner_joint_state_broadcaster]: Could not contact service /controller_manager/list_controllers
[spawner-4] [INFO] [1780897359.024647662] [spawner_joint_state_broadcaster]: waiting for service /controller_manager/list_controllers to become available...
[spawner-5] [WARN] [1780897361.344830575] [spawner_arm_controller]: Could not contact service /controller_manager/list_controllers
[spawner-5] [INFO] [1780897361.345458201] [spawner_arm_controller]: waiting for service /controller_manager/list_controllers to become available...
[spawner-4] [WARN] [1780897369.038252311] [spawner_joint_state_broadcaster]: Could not contact service /controller_manager/list_controllers
[spawner-4] [INFO] [1780897369.038427105] [spawner_joint_state_broadcaster]: waiting for service /controller_manager/list_controllers to become available...
[spawner-5] [WARN] [1780897371.359849427] [spawner_arm_controller]: Could not contact service /controller_manager/list_controllers
[spawner-5] [INFO] [1780897371.360258074] [spawner_arm_controller]: waiting for service /controller_manager/list_controllers to become available...
[spawner-4] [WARN] [1780897379.053931053] [spawner_joint_state_broadcaster]: Could not contact service /controller_manager/list_controllers
[spawner-4] [INFO] [1780897379.054458284] [spawner_joint_state_broadcaster]: waiting for service /controller_manager/list_controllers to become available...
[spawner-5] [WARN] [1780897381.374140277] [spawner_arm_controller]: Could not contact service /controller_manager/list_controllers
[spawner-5] [INFO] [1780897381.374316256] [spawner_arm_controller]: waiting for service /controller_manager/list_controllers to become available...
[spawner-4] [WARN] [1780897389.067077923] [spawner_joint_state_broadcaster]: Could not contact service /controller_manager/list_controllers
[spawner-4] [INFO] [1780897389.067250319] [spawner_joint_state_broadcaster]: waiting for service /controller_manager/list_controllers to become available...
[spawner-5] [WARN] [1780897391.386575044] [spawner_arm_controller]: Could not contact service /controller_manager/list_controllers
[spawner-5] [INFO] [1780897391.386875544] [spawner_arm_controller]: waiting for service /controller_manager/list_controllers to become available...
[spawner-4] [WARN] [1780897399.081468671] [spawner_joint_state_broadcaster]: Could not contact service /controller_manager/list_controllers
[spawner-4] [INFO] [1780897399.081796594] [spawner_joint_state_broadcaster]: waiting for service /controller_manager/list_controllers to become available...
[spawner-5] [WARN] [1780897401.398661055] [spawner_arm_controller]: Could not contact service /controller_manager/list_controllers
[spawner-5] [INFO] [1780897401.398833318] [spawner_arm_controller]: waiting for service /controller_manager/list_controllers to become available...
[spawner-4] [WARN] [1780897409.096220996] [spawner_joint_state_broadcaster]: Could not contact service /controller_manager/list_controllers
[spawner-4] [INFO] [1780897409.096548990] [spawner_joint_state_broadcaster]: waiting for service /controller_manager/list_controllers to become available...
[spawner-5] [WARN] [1780897411.411785480] [spawner_arm_controller]: Could not contact service /controller_manager/list_controllers
[spawner-5] [INFO] [1780897411.412052221] [spawner_arm_controller]: waiting for service /controller_manager/list_controllers to become available...
[spawner-4] [WARN] [1780897419.110606265] [spawner_joint_state_broadcaster]: Could not contact service /controller_manager/list_controllers
[spawner-4] [INFO] [1780897419.110779204] [spawner_joint_state_broadcaster]: waiting for service /controller_manager/list_controllers to become available...
[spawner-5] [WARN] [1780897421.423609068] [spawner_arm_controller]: Could not contact service /controller_manager/list_controllers
[spawner-5] [INFO] [1780897421.423857901] [spawner_arm_controller]: waiting for service /controller_manager/list_controllers to become available...
[spawner-4] [WARN] [1780897429.123900056] [spawner_joint_state_broadcaster]: Could not contact service /controller_manager/list_controllers
[spawner-4] [INFO] [1780897429.124073456] [spawner_joint_state_broadcaster]: waiting for service /controller_manager/list_controllers to become available...
[spawner-5] [WARN] [1780897431.436345829] [spawner_arm_controller]: Could not contact service /controller_manager/list_controllers
[spawner-5] [INFO] [1780897431.436590940] [spawner_arm_controller]: waiting for service /controller_manager/list_controllers to become available...
[spawner-4] [WARN] [1780897439.136672171] [spawner_joint_state_broadcaster]: Could not contact service /controller_manager/list_controllers
[spawner-4] [INFO] [1780897439.136851671] [spawner_joint_state_broadcaster]: waiting for service /controller_manager/list_controllers to become available...
[spawner-5] [WARN] [1780897441.449104118] [spawner_arm_controller]: Could not contact service /controller_manager/list_controllers
[spawner-5] [INFO] [1780897441.449673909] [spawner_arm_controller]: waiting for service /controller_manager/list_controllers to become available...
[spawner-4] [WARN] [1780897449.151907880] [spawner_joint_state_broadcaster]: Could not contact service /controller_manager/list_controllers
[spawner-4] [INFO] [1780897449.152932925] [spawner_joint_state_broadcaster]: waiting for service /controller_manager/list_controllers to become available...
[spawner-5] [WARN] [1780897451.464053017] [spawner_arm_controller]: Could not contact service /controller_manager/list_controllers
[spawner-5] [INFO] [1780897451.464542725] [spawner_arm_controller]: waiting for service /controller_manager/list_controllers to become available...
[spawner-4] [WARN] [1780897459.168550131] [spawner_joint_state_broadcaster]: Could not contact service /controller_manager/list_controllers
[spawner-4] [INFO] [1780897459.168963456] [spawner_joint_state_broadcaster]: waiting for service /controller_manager/list_controllers to become available...
[spawner-5] [WARN] [1780897461.478994336] [spawner_arm_controller]: Could not contact service /controller_manager/list_controllers
[spawner-5] [INFO] [1780897461.479549447] [spawner_arm_controller]: waiting for service /controller_manager/list_controllers to become available...
[spawner-4] [WARN] [1780897469.184696664] [spawner_joint_state_broadcaster]: Could not contact service /controller_manager/list_controllers
[spawner-4] [INFO] [1780897469.185428143] [spawner_joint_state_broadcaster]: waiting for service /controller_manager/list_controllers to become available...
[spawner-5] [WARN] [1780897471.493733529] [spawner_arm_controller]: Could not contact service /controller_manager/list_controllers
[spawner-5] [INFO] [1780897471.494131577] [spawner_arm_controller]: waiting for service /controller_manager/list_controllers to become available...
[spawner-4] [WARN] [1780897479.200624173] [spawner_joint_state_broadcaster]: Could not contact service /controller_manager/list_controllers
[spawner-4] [INFO] [1780897479.201077452] [spawner_joint_state_broadcaster]: waiting for service /controller_manager/list_controllers to become available...
[spawner-5] [WARN] [1780897481.509201089] [spawner_arm_controller]: Could not contact service /controller_manager/list_controllers
[spawner-5] [INFO] [1780897481.509628939] [spawner_arm_controller]: waiting for service /controller_manager/list_controllers to become available...
[spawner-4] [WARN] [1780897489.215713550] [spawner_joint_state_broadcaster]: Could not contact service /controller_manager/list_controllers
[spawner-4] [INFO] [1780897489.216232203] [spawner_joint_state_broadcaster]: waiting for service /controller_manager/list_controllers to become available...
[spawner-5] [WARN] [1780897491.524506761] [spawner_arm_controller]: Could not contact service /controller_manager/list_controllers
[spawner-5] [INFO] [1780897491.524938281] [spawner_arm_controller]: waiting for service /controller_manager/list_controllers to become available...
[spawner-4] [WARN] [1780897499.231192362] [spawner_joint_state_broadcaster]: Could not contact service /controller_manager/list_controllers
[spawner-4] [INFO] [1780897499.231673445] [spawner_joint_state_broadcaster]: waiting for service /controller_manager/list_controllers to become available...
[spawner-5] [WARN] [1780897501.539259403] [spawner_arm_controller]: Could not contact service /controller_manager/list_controllers
[spawner-5] [INFO] [1780897501.539659650] [spawner_arm_controller]: waiting for service /controller_manager/list_controllers to become available...
[spawner-4] [WARN] [1780897509.246001494] [spawner_joint_state_broadcaster]: Could not contact service /controller_manager/list_controllers
[spawner-4] [INFO] [1780897509.246685460] [spawner_joint_state_broadcaster]: waiting for service /controller_manager/list_controllers to become available...
[spawner-5] [WARN] [1780897511.554429337] [spawner_arm_controller]: Could not contact service /controller_manager/list_controllers
[spawner-5] [INFO] [1780897511.554946122] [spawner_arm_controller]: waiting for service /controller_manager/list_controllers to become available...
[spawner-4] [WARN] [1780897519.261957262] [spawner_joint_state_broadcaster]: Could not contact service /controller_manager/list_controllers
[spawner-4] [INFO] [1780897519.262627559] [spawner_joint_state_broadcaster]: waiting for service /controller_manager/list_controllers to become available...
[spawner-5] [WARN] [1780897521.569538671] [spawner_arm_controller]: Could not contact service /controller_manager/list_controllers
[spawner-5] [INFO] [1780897521.570002882] [spawner_arm_controller]: waiting for service /controller_manager/list_controllers to become available...
[spawner-4] [WARN] [1780897529.276889909] [spawner_joint_state_broadcaster]: Could not contact service /controller_manager/list_controllers
[spawner-4] [INFO] [1780897529.277480873] [spawner_joint_state_broadcaster]: waiting for service /controller_manager/list_controllers to become available...
[spawner-5] [WARN] [1780897531.585417752] [spawner_arm_controller]: Could not contact service /controller_manager/list_controllers
[spawner-5] [INFO] [1780897531.586170628] [spawner_arm_controller]: waiting for service /controller_manager/list_controllers to become available...
[spawner-4] [WARN] [1780897539.292894692] [spawner_joint_state_broadcaster]: Could not contact service /controller_manager/list_controllers
[spawner-4] [INFO] [1780897539.293565181] [spawner_joint_state_broadcaster]: waiting for service /controller_manager/list_controllers to become available...
[spawner-5] [WARN] [1780897541.601001216] [spawner_arm_controller]: Could not contact service /controller_manager/list_controllers
[spawner-5] [INFO] [1780897541.601577606] [spawner_arm_controller]: waiting for service /controller_manager/list_controllers to become available...
[spawner-4] [WARN] [1780897549.308649998] [spawner_joint_state_broadcaster]: Could not contact service /controller_manager/list_controllers
[spawner-4] [INFO] [1780897549.309164245] [spawner_joint_state_broadcaster]: waiting for service /controller_manager/list_controllers to become available...
[spawner-5] [WARN] [1780897551.616482426] [spawner_arm_controller]: Could not contact service /controller_manager/list_controllers
[spawner-5] [INFO] [1780897551.617197746] [spawner_arm_controller]: waiting for service /controller_manager/list_controllers to become available...
[spawner-4] [WARN] [1780897559.324787291] [spawner_joint_state_broadcaster]: Could not contact service /controller_manager/list_controllers
[spawner-4] [INFO] [1780897559.325096783] [spawner_joint_state_broadcaster]: waiting for service /controller_manager/list_controllers to become available...
[spawner-5] [WARN] [1780897561.631919416] [spawner_arm_controller]: Could not contact service /controller_manager/list_controllers
[spawner-5] [INFO] [1780897561.632557118] [spawner_arm_controller]: waiting for service /controller_manager/list_controllers to become available...
[spawner-4] [WARN] [1780897569.340476750] [spawner_joint_state_broadcaster]: Could not contact service /controller_manager/list_controllers
[spawner-4] [INFO] [1780897569.341106234] [spawner_joint_state_broadcaster]: waiting for service /controller_manager/list_controllers to become available...
[spawner-5] [WARN] [1780897571.647546724] [spawner_arm_controller]: Could not contact service /controller_manager/list_controllers
[spawner-5] [INFO] [1780897571.648201088] [spawner_arm_controller]: waiting for service /controller_manager/list_controllers to become available...
[spawner-4] [WARN] [1780897579.356035439] [spawner_joint_state_broadcaster]: Could not contact service /controller_manager/list_controllers
[spawner-4] [INFO] [1780897579.356562670] [spawner_joint_state_broadcaster]: waiting for service /controller_manager/list_controllers to become available...
[spawner-5] [WARN] [1780897581.663743094] [spawner_arm_controller]: Could not contact service /controller_manager/list_controllers
[spawner-5] [INFO] [1780897581.664557473] [spawner_arm_controller]: waiting for service /controller_manager/list_controllers to become available...
[spawner-4] [WARN] [1780897589.371645671] [spawner_joint_state_broadcaster]: Could not contact service /controller_manager/list_controllers
[spawner-4] [INFO] [1780897589.372245310] [spawner_joint_state_broadcaster]: waiting for service /controller_manager/list_controllers to become available...
[spawner-5] [WARN] [1780897591.679073793] [spawner_arm_controller]: Could not contact service /controller_manager/list_controllers
[spawner-5] [INFO] [1780897591.679597881] [spawner_arm_controller]: waiting for service /controller_manager/list_controllers to become available...
[spawner-4] [WARN] [1780897599.386877999] [spawner_joint_state_broadcaster]: Could not contact service /controller_manager/list_controllers
[spawner-4] [INFO] [1780897599.387421445] [spawner_joint_state_broadcaster]: waiting for service /controller_manager/list_controllers to become available...
[spawner-5] [WARN] [1780897601.694132257] [spawner_arm_controller]: Could not contact service /controller_manager/list_controllers
[spawner-5] [INFO] [1780897601.694737450] [spawner_arm_controller]: waiting for service /controller_manager/list_controllers to become available...
